wandb: Using wandb-core as the SDK backend.  Please refer to https://wandb.me/wandb-core for more information.
wandb: Currently logged in as: mingyulu (data_att) to https://api.wandb.ai. Use `wandb login --relogin` to force relogin
Namespace(num_trials=30, cohort_name='sprint', baseline=False, wandb=True, relative_change_threshold=0.05, top_n_features=5, device='cuda:0', learner='DRLearner')
Using device: cuda:0
Traceback (most recent call last):
  File "/homes/gws/mingyulu/shap_IPW/single_cohort_analysis.py", line 475, in <module>
    main(args)
  File "/homes/gws/mingyulu/shap_IPW/single_cohort_analysis.py", line 158, in main
    wandb.init(
  File "/homes/gws/mingyulu/miniconda3/envs/shap_ipw/lib/python3.10/site-packages/wandb/sdk/wandb_init.py", line 1457, in init
    wi.setup_run_log_directory(run_settings)
  File "/homes/gws/mingyulu/miniconda3/envs/shap_ipw/lib/python3.10/site-packages/wandb/sdk/wandb_init.py", line 620, in setup_run_log_directory
    filesystem.mkdir_exists_ok(os.path.dirname(settings.log_user))
  File "/homes/gws/mingyulu/miniconda3/envs/shap_ipw/lib/python3.10/site-packages/wandb/sdk/lib/filesystem.py", line 30, in mkdir_exists_ok
    os.makedirs(dir_name, exist_ok=True)
  File "/homes/gws/mingyulu/miniconda3/envs/shap_ipw/lib/python3.10/os.py", line 215, in makedirs
    makedirs(head, exist_ok=exist_ok)
  File "/homes/gws/mingyulu/miniconda3/envs/shap_ipw/lib/python3.10/os.py", line 225, in makedirs
    mkdir(name, mode)
KeyboardInterrupt
Traceback (most recent call last):
  File "/homes/gws/mingyulu/shap_IPW/single_cohort_analysis.py", line 475, in <module>
    main(args)
  File "/homes/gws/mingyulu/shap_IPW/single_cohort_analysis.py", line 158, in main
    wandb.init(
  File "/homes/gws/mingyulu/miniconda3/envs/shap_ipw/lib/python3.10/site-packages/wandb/sdk/wandb_init.py", line 1457, in init
    wi.setup_run_log_directory(run_settings)
  File "/homes/gws/mingyulu/miniconda3/envs/shap_ipw/lib/python3.10/site-packages/wandb/sdk/wandb_init.py", line 620, in setup_run_log_directory
    filesystem.mkdir_exists_ok(os.path.dirname(settings.log_user))
  File "/homes/gws/mingyulu/miniconda3/envs/shap_ipw/lib/python3.10/site-packages/wandb/sdk/lib/filesystem.py", line 30, in mkdir_exists_ok
    os.makedirs(dir_name, exist_ok=True)
  File "/homes/gws/mingyulu/miniconda3/envs/shap_ipw/lib/python3.10/os.py", line 215, in makedirs
    makedirs(head, exist_ok=exist_ok)
  File "/homes/gws/mingyulu/miniconda3/envs/shap_ipw/lib/python3.10/os.py", line 225, in makedirs
    mkdir(name, mode)
KeyboardInterrupt
